exports[`<MobTimer/> renders 1`] = `
<section>
  <button>
    Start
  </button>
</section>
`;
